"rep-file-drag"
"Time Step" "flow-time etc.."
("Time Step" "flow-time" "report-def-drag")
10161 203.22 1.926446529774315
10162 203.24 1.932484571949388
10163 203.26 1.938691025201228
10164 203.28 1.945046227848787
10165 203.3 1.951520354374195
10166 203.32 1.957982433365306
10167 203.34 1.964602592384583
10168 203.36 1.971354239527698
10169 203.38 1.97819202377183
10170 203.4 1.985078965253539
10171 203.42 1.992039082055377
10172 203.44 1.999050788315045
10173 203.46 2.006127974740727
10174 203.48 2.013281036774585
10175 203.5 2.02045978125741
10176 203.52 2.027699176638339
10177 203.54 2.03487465448284
10178 203.56 2.04213943950238
10179 203.58 2.049328608973061
10180 203.6 2.056563774987955
10181 203.62 2.063757449965292
10182 203.64 2.07094100271712
10183 203.66 2.078041599979807
10184 203.68 2.085104992865123
10185 203.7 2.092060495561328
10186 203.72 2.098922889144032
10187 203.74 2.105677486684439
10188 203.76 2.112388140813084
10189 203.78 2.11891481174452
10190 203.8 2.125373426952011
10191 203.82 2.131690313241505
10192 203.84 2.137735830969626
10193 203.86 2.143826611685888
10194 203.88 2.149781439986015
10195 203.9 2.155600729945767
10196 203.92 2.161167829508419
10197 203.94 2.166468715676971
10198 203.96 2.171597792250004
10199 203.98 2.176547373577679
10200 204 2.181356568618368
10201 204.02 2.186027135907865
10202 204.04 2.19043771244201
10203 204.06 2.194555717394553
10204 204.08 2.198451490677301
10205 204.1 2.202182510368798
10206 204.12 2.205668241463112
10207 204.14 2.208905768875207
10208 204.16 2.211955926917456
10209 204.18 2.214759583525349
10210 204.2 2.217254085466717
10211 204.22 2.219472044091761
10212 204.24 2.221420803233943
10213 204.26 2.223114135129405
10214 204.28 2.224504460282664
10215 204.3 2.225680285803923
10216 204.32 2.226556686416443
10217 204.34 2.22712731570919
10218 204.36 2.227404730791719
10219 204.38 2.227452952975567
10220 204.4 2.227213362108622
10221 204.42 2.226580196494368
10222 204.44 2.225778744344829
10223 204.46 2.224655650693119
10224 204.48 2.223447945280598
10225 204.5 2.221715327519386
10226 204.52 2.219929766054779
10227 204.54 2.217875530083409
10228 204.56 2.215582945796946
10229 204.58 2.213089662909447
10230 204.6 2.210341629904796
10231 204.62 2.207420102848191
10232 204.64 2.204245080205978
10233 204.66 2.200827287280379
10234 204.68 2.197153245247486
10235 204.7 2.19329456437296
10236 204.72 2.189317581150563
10237 204.74 2.185147238037039
10238 204.76 2.180826079495282
10239 204.78 2.176332186762258
10240 204.8 2.171676614988607
10241 204.82 2.166881058141609
10242 204.84 2.161917799938036
10243 204.86 2.156811116996901
10244 204.88 2.151535170313451
10245 204.9 2.146145732203954
10246 204.92 2.140616862678367
10247 204.94 2.135022778326026
10248 204.96 2.129277613042143
10249 204.98 2.123370540493069
10250 205 2.117430634939391
10251 205.02 2.111467714570254
10252 205.04 2.10545627572811
10253 205.06 2.09934653592425
10254 205.08 2.093213727975761
10255 205.1 2.08698804951162
10256 205.12 2.080655564528207
10257 205.14 2.074277305718705
10258 205.16 2.067882415033622
10259 205.18 2.061462228133069
10260 205.2 2.055006775600397
10261 205.22 2.048506222161251
10262 205.24 2.041995475603014
10263 205.26 2.035407404214342
10264 205.28 2.028820225307361
10265 205.3 2.022252119214515
10266 205.32 2.015753427748319
10267 205.34 2.009204156183062
10268 205.36 2.002716244444363
10269 205.38 1.996236536336858
10270 205.4 1.989790403378367
10271 205.42 1.983411371630262
10272 205.44 1.976896374123601
10273 205.46 1.970503590470534
10274 205.48 1.964162246819091
10275 205.5 1.957817373221143
10276 205.52 1.951583629367086
10277 205.54 1.94549782645687
10278 205.56 1.939499866244199
10279 205.58 1.933570583082286
10280 205.6 1.927731410073713
10281 205.62 1.922032658889422
10282 205.64 1.91643288280394
10283 205.66 1.91097432582017
10284 205.68 1.905581354391994
10285 205.7 1.900294524223453
10286 205.72 1.895223506033436
10287 205.74 1.890216751835796
10288 205.76 1.885322825898094
10289 205.78 1.880543089513386
10290 205.8 1.875962507265128
10291 205.82 1.871528812001855
10292 205.84 1.867270782731461
10293 205.86 1.863116084123359
10294 205.88 1.859124691889682
10295 205.9 1.855344532515652
10296 205.92 1.851807321059181
10297 205.94 1.848514337680866
10298 205.96 1.845283987418155
10299 205.98 1.842278957581376
10300 206 1.839466278705112
10301 206.02 1.836814608305611
10302 206.04 1.834417346161204
10303 206.06 1.832237950021433
10304 206.08 1.830263449237771
10305 206.1 1.828522441400832
10306 206.12 1.827033387621329
10307 206.14 1.825806235287249
10308 206.16 1.82475050362752
10309 206.18 1.823937141179864
10310 206.2 1.823379715875976
10311 206.22 1.823028925629882
10312 206.24 1.822929424671198
10313 206.26 1.823005833578986
10314 206.28 1.823307713313508
10315 206.3 1.823906886164546
10316 206.32 1.824779392143896
10317 206.34 1.825758237254777
10318 206.36 1.826868612164804
10319 206.38 1.82823443722509
10320 206.4 1.829860523826921
10321 206.42 1.831775920048797
10322 206.44 1.833745601052448
10323 206.46 1.836036925100263
10324 206.48 1.838557035138116
10325 206.5 1.841243788379001
10326 206.52 1.844240350550312
10327 206.54 1.847471244735802
10328 206.56 1.850833511313787
10329 206.58 1.854423719754765
10330 206.6 1.858201350726576
10331 206.62 1.862219493531188
10332 206.64 1.86636507311896
10333 206.66 1.870756051155791
10334 206.68 1.875255779170599
10335 206.7 1.879998175606816
10336 206.72 1.884909662200376
10337 206.74 1.889972017385663
10338 206.76 1.895217182601421
10339 206.78 1.900622837011842
10340 206.8 1.906183918257712
10341 206.82 1.911880928865307
10342 206.84 1.917798803069067
10343 206.86 1.923901248095872
10344 206.88 1.930125996781268
10345 206.9 1.936442139055273
10346 206.92 1.942943679648655
10347 206.94 1.94957439200444
10348 206.96 1.956297346556161
10349 206.98 1.96298631616733
10350 207 1.969873130069978
10351 207.02 1.976865082625593
10352 207.04 1.983938976934627
10353 207.06 1.991046116979828
10354 207.08 1.99822800935639
10355 207.1 2.005439061018564
10356 207.12 2.012649462873147
10357 207.14 2.019961823848704
10358 207.16 2.027207439285498
10359 207.18 2.03455919940854
10360 207.2 2.04184998922362
10361 207.22 2.049107327370946
10362 207.24 2.056370871227281
10363 207.26 2.063590394960126
10364 207.28 2.070755694051142
10365 207.3 2.077855933582603
10366 207.32 2.084972832783341
10367 207.34 2.091957037919757
10368 207.36 2.098738088035117
10369 207.38 2.105461563483802
10370 207.4 2.112036887734063
10371 207.42 2.118494363742082
10372 207.44 2.1249242974619
10373 207.46 2.131228770427561
10374 207.48 2.137408692959403
10375 207.5 2.143229456940791
10376 207.52 2.148997226181186
10377 207.54 2.15460561134714
10378 207.56 2.160012840980269
10379 207.58 2.165318314081883
10380 207.6 2.170405901188801
10381 207.62 2.175215592373098
10382 207.64 2.179749222099473
10383 207.66 2.184095853007052
10384 207.68 2.188327510020875
10385 207.7 2.19237910787953
10386 207.72 2.196152714491978
10387 207.74 2.19964763975085
10388 207.76 2.202854721685196
10389 207.78 2.205803574592724
10390 207.8 2.208592659712444
10391 207.82 2.211184440415811
10392 207.84 2.21345043567319
10393 207.86 2.215490378142064
10394 207.88 2.217166362937373
10395 207.9 2.218601641714488
10396 207.92 2.219788461974853
10397 207.94 2.220726443178677
10398 207.96 2.221376219098466
10399 207.98 2.221702402061009
10400 208 2.221796810727413
10401 208.02 2.221624195039002
10402 208.04 2.221190443904549
10403 208.06 2.220414088494133
10404 208.08 2.219323923586225
10405 208.1 2.21802816896577
10406 208.12 2.216593535282806
10407 208.14 2.214863730463007
10408 208.16 2.212886538474186
10409 208.18 2.210562682491927
10410 208.2 2.208130321852733
10411 208.22 2.20552338008037
10412 208.24 2.202623396993912
10413 208.26 2.199502313848924
10414 208.28 2.19620117941919
10415 208.3 2.19270308550046
10416 208.32 2.188978242884501
10417 208.34 2.185086350821777
10418 208.36 2.181043798393488
10419 208.38 2.176805535893366
10420 208.4 2.17236620263623
10421 208.42 2.167835007950488
10422 208.44 2.163163586119577
10423 208.46 2.158322354386461
10424 208.48 2.153307610181565
10425 208.5 2.148183217805476
10426 208.52 2.14294573428806
10427 208.54 2.137579982949662
10428 208.56 2.132063980282422
10429 208.58 2.126481817882008
10430 208.6 2.120793707879572
10431 208.62 2.114986068096336
10432 208.64 2.109042088358567
10433 208.66 2.103069727066512
10434 208.68 2.097023935352725
10435 208.7 2.090980345501055
10436 208.72 2.084833075620331
10437 208.74 2.078683611751931
10438 208.76 2.07246187789119
10439 208.78 2.066245981103099
10440 208.8 2.059896751613416
10441 208.82 2.053563994723437
10442 208.84 2.047216517468708
10443 208.86 2.040867975577831
10444 208.88 2.034480667543737
10445 208.9 2.02808537424501
10446 208.92 2.021668892356841
10447 208.94 2.015255364270121
10448 208.96 2.008860537083772
10449 208.98 2.002485645522762
10450 209 1.996161913531078
10451 209.02 1.989920465802335
10452 209.04 1.983682290727739
10453 209.06 1.977408960647326
10454 209.08 1.971112690631724
10455 209.1 1.964914483624834
10456 209.12 1.958769767205736
10457 209.14 1.952729682652223
10458 209.16 1.946738439966193
10459 209.18 1.940868829460332
10460 209.2 1.935086010035366
10461 209.22 1.929449015360446
10462 209.24 1.92387542357634
10463 209.26 1.91841409488753
10464 209.28 1.91305518523518
10465 209.3 1.907742987276162
10466 209.32 1.902599553349156
10467 209.34 1.897635751309126
10468 209.36 1.892758969018254
10469 209.38 1.887958507779593
10470 209.4 1.883330652351602
10471 209.42 1.878837982360745
10472 209.44 1.87454943740483
10473 209.46 1.870397395860851
10474 209.48 1.866301952881062
10475 209.5 1.862407723981635
10476 209.52 1.858703358296878
10477 209.54 1.855136628969681
10478 209.56 1.851911590715894
10479 209.58 1.848743041179303
10480 209.6 1.845787247718599
10481 209.62 1.843041489093772
10482 209.64 1.840460584900398
10483 209.66 1.83806622742297
10484 209.68 1.835830847732282
10485 209.7 1.833765823822468
10486 209.72 1.83195343716512
10487 209.74 1.830374638317917
10488 209.76 1.829098940379008
10489 209.78 1.828050935036164
10490 209.8 1.82715625965712
10491 209.82 1.826527581888231
10492 209.84 1.826057924453595
10493 209.86 1.825892570951559
10494 209.88 1.825868980277477
10495 209.9 1.825966609611433
10496 209.92 1.82634779938957
10497 209.94 1.827057206369824
10498 209.96 1.8279015965964
10499 209.98 1.828775958806142
10500 210 1.830003369094837
10501 210.02 1.831466935180434
10502 210.04 1.833090811724681
10503 210.06 1.834952957469773
10504 210.08 1.836868629328949
10505 210.1 1.839126210121105
10506 210.12 1.841585371883613
10507 210.14 1.844326348230277
10508 210.16 1.847307370977737
10509 210.18 1.85040053160624
10510 210.2 1.85368488524556
10511 210.22 1.857170965884082
10512 210.24 1.86093308613724
10513 210.26 1.864821397639214
10514 210.28 1.868891536686743
10515 210.3 1.873112866813857
10516 210.32 1.877507682395231
10517 210.34 1.882083620600646
10518 210.36 1.886836984244865
10519 210.38 1.891807337852617
10520 210.4 1.8968753237051
10521 210.42 1.902146881548022
10522 210.44 1.907571799894629
10523 210.46 1.913184336060463
10524 210.48 1.918928219217107
