"rep-file-lift"
"Time Step" "flow-time etc.."
("Time Step" "flow-time" "report-def-lift")
10161 203.22 0.1201977292227119
10162 203.24 0.1545923669292293
10163 203.26 0.1889967717613527
10164 203.28 0.2234109865523913
10165 203.3 0.2578116548661363
10166 203.32 0.2922201060789746
10167 203.34 0.3265073488743633
10168 203.36 0.3608423010173698
10169 203.38 0.3950280933382752
10170 203.4 0.4290951868636667
10171 203.42 0.4630454222143645
10172 203.44 0.4968346236980004
10173 203.46 0.5305211395776371
10174 203.48 0.5641229219941735
10175 203.5 0.5975979823599278
10176 203.52 0.6308226626786569
10177 203.54 0.6638633275369294
10178 203.56 0.6967361264609294
10179 203.58 0.7294247663249508
10180 203.6 0.7619206066699015
10181 203.62 0.7941568843228187
10182 203.64 0.8262491147642095
10183 203.66 0.8580062653342726
10184 203.68 0.8895465476498458
10185 203.7 0.9208562520410011
10186 203.72 0.9518952070679418
10187 203.74 0.9825986178927112
10188 203.76 1.012986887938493
10189 203.78 1.043027894693932
10190 203.8 1.072739748303815
10191 203.82 1.102064290027132
10192 203.84 1.130991931454043
10193 203.86 1.159597503803567
10194 203.88 1.187851046882073
10195 203.9 1.215731954642381
10196 203.92 1.243140239580224
10197 203.94 1.270138130284339
10198 203.96 1.296641812958557
10199 203.98 1.32271836254733
10200 204 1.348382772261082
10201 204.02 1.373730919748222
10202 204.04 1.398636382712447
10203 204.06 1.423124884569069
10204 204.08 1.447136885658963
10205 204.1 1.470674751183736
10206 204.12 1.493700925549251
10207 204.14 1.516301711269925
10208 204.16 1.538532770228116
10209 204.18 1.560234075762461
10210 204.2 1.581470456304171
10211 204.22 1.602111770216658
10212 204.24 1.622221312808621
10213 204.26 1.641820954748001
10214 204.28 1.6608949576907
10215 204.3 1.679457763387205
10216 204.32 1.697497758951625
10217 204.34 1.714915615570111
10218 204.36 1.731755066856731
10219 204.38 1.747969346004591
10220 204.4 1.76361446925687
10221 204.42 1.778642018246131
10222 204.44 1.793078435680141
10223 204.46 1.806973545773419
10224 204.48 1.820371154911831
10225 204.5 1.833138142841858
10226 204.52 1.845297645116337
10227 204.54 1.856843695455659
10228 204.56 1.867728740520486
10229 204.58 1.878027591788776
10230 204.6 1.887674949809319
10231 204.62 1.896815048042298
10232 204.64 1.90534996585492
10233 204.66 1.91333699731646
10234 204.68 1.92070664158742
10235 204.7 1.927438836372015
10236 204.72 1.933571745149749
10237 204.74 1.939126378088231
10238 204.76 1.944139848175357
10239 204.78 1.948606289684799
10240 204.8 1.952484117280815
10241 204.82 1.955762817339816
10242 204.84 1.958455525959746
10243 204.86 1.960663502391979
10244 204.88 1.962326572386537
10245 204.9 1.963440836213792
10246 204.92 1.963991073266533
10247 204.94 1.963919541324706
10248 204.96 1.96335266118561
10249 204.98 1.962225870890034
10250 205 1.960583700618268
10251 205.02 1.958448086864529
10252 205.04 1.955833603849533
10253 205.06 1.952603879464265
10254 205.08 1.948883806342677
10255 205.1 1.944632084312613
10256 205.12 1.939879747947056
10257 205.14 1.934616736533026
10258 205.16 1.928773319045302
10259 205.18 1.922426150686262
10260 205.2 1.915500421660788
10261 205.22 1.908071637241196
10262 205.24 1.900188759576346
10263 205.26 1.89174269722336
10264 205.28 1.882795232596103
10265 205.3 1.873315639805469
10266 205.32 1.863329641441124
10267 205.34 1.852831881091546
10268 205.36 1.84183277139403
10269 205.38 1.830256956102879
10270 205.4 1.818188250821148
10271 205.42 1.805556893744864
10272 205.44 1.792523103314934
10273 205.46 1.778987551175268
10274 205.48 1.764874182265282
10275 205.5 1.750238704843091
10276 205.52 1.735147189501875
10277 205.54 1.719523965656352
10278 205.56 1.703452621250014
10279 205.58 1.686924322277392
10280 205.6 1.669851752227641
10281 205.62 1.652326453484946
10282 205.64 1.634325472057408
10283 205.66 1.615852045676459
10284 205.68 1.596955455104505
10285 205.7 1.577504539216009
10286 205.72 1.557590012449211
10287 205.74 1.537255921115313
10288 205.76 1.516459683325903
10289 205.78 1.495146056687265
10290 205.8 1.473388863891423
10291 205.82 1.45117743659532
10292 205.84 1.428599926814142
10293 205.86 1.405642635836317
10294 205.88 1.382253298635048
10295 205.9 1.358451773579229
10296 205.92 1.334243256458983
10297 205.94 1.309592873365573
10298 205.96 1.284593558601243
10299 205.98 1.259233739582491
10300 206 1.233491110980107
10301 206.02 1.207267812850884
10302 206.04 1.180629252315971
10303 206.06 1.153666518235753
10304 206.08 1.126388895632983
10305 206.1 1.098797804778161
10306 206.12 1.070847156646528
10307 206.14 1.0425408849934
10308 206.16 1.013928059948452
10309 206.18 0.9850947861426222
10310 206.2 0.9559360704707267
10311 206.22 0.9264885331555403
10312 206.24 0.896693072987674
10313 206.26 0.8666685208947348
10314 206.28 0.8363510321590893
10315 206.3 0.8057975275263264
10316 206.32 0.7748712259869052
10317 206.34 0.743787851399512
10318 206.36 0.7125035425531022
10319 206.38 0.6809681114795118
10320 206.4 0.6492622658272116
10321 206.42 0.6173494375938251
10322 206.44 0.5851295186394265
10323 206.46 0.5526980514638893
10324 206.48 0.5201000575666658
10325 206.5 0.4873587643138869
10326 206.52 0.454510806871955
10327 206.54 0.421474744343648
10328 206.56 0.3882174688219598
10329 206.58 0.3547509144584121
10330 206.6 0.321198135862132
10331 206.62 0.2875353383533985
10332 206.64 0.2538041896169415
10333 206.66 0.2199768803242344
10334 206.68 0.1860481808801108
10335 206.7 0.1520124691777916
10336 206.72 0.1178288709938488
10337 206.74 0.08369224157777803
10338 206.76 0.04953134864720479
10339 206.78 0.01528943568240608
10340 206.8 -0.01894541031774682
10341 206.82 -0.05321792888045697
10342 206.84 -0.08745968689466518
10343 206.86 -0.1216492025477266
10344 206.88 -0.1559568896054269
10345 206.9 -0.1902723705182066
10346 206.92 -0.2245383832777106
10347 206.94 -0.2587668616500228
10348 206.96 -0.292908279544684
10349 206.98 -0.3270607318575993
10350 207 -0.3611973408057916
10351 207.02 -0.3952401806221117
10352 207.04 -0.42916472810544
10353 207.06 -0.4628867811394529
10354 207.08 -0.4965234714861335
10355 207.1 -0.5300484189994759
10356 207.12 -0.5634573134107712
10357 207.14 -0.5966672201251955
10358 207.16 -0.6296703629626776
10359 207.18 -0.662505772351065
10360 207.2 -0.6952309512189305
10361 207.22 -0.7277093969236741
10362 207.24 -0.7599731870233537
10363 207.26 -0.7919997539499262
10364 207.28 -0.8237817589850285
10365 207.3 -0.8553290697924776
10366 207.32 -0.886649997733899
10367 207.34 -0.9177593373329227
10368 207.36 -0.9485945975014715
10369 207.38 -0.9790802724237435
10370 207.4 -1.009206433197072
10371 207.42 -1.039028294214051
10372 207.44 -1.06844059483576
10373 207.46 -1.097502848455927
10374 207.48 -1.126240113582889
10375 207.5 -1.154615783224338
10376 207.52 -1.18267345413616
10377 207.54 -1.210283578826535
10378 207.56 -1.237433047100875
10379 207.58 -1.26414758925143
10380 207.6 -1.290457393191594
10381 207.62 -1.31639668213347
10382 207.64 -1.341938211979033
10383 207.66 -1.367070087926217
10384 207.68 -1.391704444493248
10385 207.7 -1.415961149357674
10386 207.72 -1.439757607804145
10387 207.74 -1.463168092543473
10388 207.76 -1.486097980343683
10389 207.78 -1.508570386301934
10390 207.8 -1.530544778202286
10391 207.82 -1.552031370341828
10392 207.84 -1.573040825254712
10393 207.86 -1.593548712587372
10394 207.88 -1.613560229093223
10395 207.9 -1.633034401496794
10396 207.92 -1.651966511399779
10397 207.94 -1.670348903836896
10398 207.96 -1.688186581844733
10399 207.98 -1.705535130669735
10400 208 -1.722301476716771
10401 208.02 -1.738456282111073
10402 208.04 -1.754064911918043
10403 208.06 -1.768995428092685
10404 208.08 -1.783382360656571
10405 208.1 -1.797138696048686
10406 208.12 -1.810439645331201
10407 208.14 -1.823122405630041
10408 208.16 -1.835228804011705
10409 208.18 -1.846711180740612
10410 208.2 -1.857527291098116
10411 208.22 -1.867790143111443
10412 208.24 -1.877481973934531
10413 208.26 -1.886588494579383
10414 208.28 -1.895122598946409
10415 208.3 -1.903054607006469
10416 208.32 -1.910390418955749
10417 208.34 -1.917110255304969
10418 208.36 -1.923280399816331
10419 208.38 -1.928851426772661
10420 208.4 -1.933885908180294
10421 208.42 -1.938390858553676
10422 208.44 -1.942284935185703
10423 208.46 -1.945572420531016
10424 208.48 -1.948328005979268
10425 208.5 -1.950591300695817
10426 208.52 -1.952311623952433
10427 208.54 -1.953447957171534
10428 208.56 -1.954036385549025
10429 208.58 -1.954059491868438
10430 208.6 -1.953574307260895
10431 208.62 -1.952551989940963
10432 208.64 -1.951003193609153
10433 208.66 -1.948917472593089
10434 208.68 -1.946303193955754
10435 208.7 -1.943222721562039
10436 208.72 -1.939539427556913
10437 208.74 -1.935369869525286
10438 208.76 -1.930716558379266
10439 208.78 -1.925518302737663
10440 208.8 -1.919814426737588
10441 208.82 -1.913566297817806
10442 208.84 -1.906792052047092
10443 208.86 -1.899497519462864
10444 208.88 -1.891689843694931
10445 208.9 -1.883382327829522
10446 208.92 -1.874547905957664
10447 208.94 -1.865213521680262
10448 208.96 -1.85533759531173
10449 208.98 -1.844952782193333
10450 209 -1.834088460618225
10451 209.02 -1.822657035388746
10452 209.04 -1.810732033663431
10453 209.06 -1.79830126988074
10454 209.08 -1.785357931682219
10455 209.1 -1.771939284487358
10456 209.12 -1.757955024079873
10457 209.14 -1.743528782467629
10458 209.16 -1.728589102306011
10459 209.18 -1.713142756559995
10460 209.2 -1.697239495524337
10461 209.22 -1.680897515854165
10462 209.24 -1.664069414276226
10463 209.26 -1.646718727326637
10464 209.28 -1.628850007555581
10465 209.3 -1.610560854384343
10466 209.32 -1.591841036963377
10467 209.34 -1.572584757399031
10468 209.36 -1.552896888935672
10469 209.38 -1.532724182739212
10470 209.4 -1.512078885571883
10471 209.42 -1.491003231539113
10472 209.44 -1.46943627564539
10473 209.46 -1.447439404205794
10474 209.48 -1.425064201806018
10475 209.5 -1.402244038214475
10476 209.52 -1.379030629755286
10477 209.54 -1.355457271309024
10478 209.56 -1.33143773704649
10479 209.58 -1.307053624278452
10480 209.6 -1.282266196849003
10481 209.62 -1.257074966885974
10482 209.64 -1.231454942169416
10483 209.66 -1.205381106914627
10484 209.68 -1.178894774200719
10485 209.7 -1.152144528320708
10486 209.72 -1.125085922012367
10487 209.74 -1.097647335666804
10488 209.76 -1.069905900970542
10489 209.78 -1.041869412293721
10490 209.8 -1.01350996806256
10491 209.82 -0.9847755000011703
10492 209.84 -0.9557544673557611
10493 209.86 -0.9264589295129823
10494 209.88 -0.8969098256425783
10495 209.9 -0.8670224513823236
10496 209.92 -0.8367485603159217
10497 209.94 -0.8062325664395146
10498 209.96 -0.7754806991383809
10499 209.98 -0.7446690788459499
10500 210 -0.7135472138607994
10501 210.02 -0.6821821360282313
10502 210.04 -0.6505891903001025
10503 210.06 -0.6187509282551802
10504 210.08 -0.5866645622272872
10505 210.1 -0.5544369676347024
10506 210.12 -0.5219835722347583
10507 210.14 -0.4893563170712855
10508 210.16 -0.4565504303506802
10509 210.18 -0.4235742966621661
10510 210.2 -0.3903802097050143
10511 210.22 -0.3570318222112727
10512 210.24 -0.3236117215986056
10513 210.26 -0.2899971079762172
10514 210.28 -0.2562745138095001
10515 210.3 -0.2224512360958356
10516 210.32 -0.188542493305945
10517 210.34 -0.1545647555444527
10518 210.36 -0.1204595874536937
10519 210.38 -0.08635527769581142
10520 210.4 -0.05220539500699278
10521 210.42 -0.0179742600420026
10522 210.44 0.01627996999834648
10523 210.46 0.05055739066733418
10524 210.48 0.08484930286118547
