"rep-file-moment"
"Time Step" "flow-time etc.."
("Time Step" "flow-time" "report-def-moment")
10161 203.22 -0.1093355444757326
10162 203.24 -0.1117353240809248
10163 203.26 -0.1141157215847101
10164 203.28 -0.1164650164579926
10165 203.3 -0.1187955860815207
10166 203.32 -0.1210957053005727
10167 203.34 -0.1233774115482174
10168 203.36 -0.1256298753256557
10169 203.38 -0.1278452304211484
10170 203.4 -0.1300246770709908
10171 203.42 -0.1321691524042764
10172 203.44 -0.1342695120302701
10173 203.46 -0.1363265146171389
10174 203.48 -0.1383378930619303
10175 203.5 -0.140297677062009
10176 203.52 -0.142191873026744
10177 203.54 -0.1440280404391088
10178 203.56 -0.145795525180537
10179 203.58 -0.1475040771527076
10180 203.6 -0.1491418571487715
10181 203.62 -0.1507080014895107
10182 203.64 -0.1521958477816336
10183 203.66 -0.1536000556284182
10184 203.68 -0.1549267727475278
10185 203.7 -0.1561722528263201
10186 203.72 -0.1573301855435762
10187 203.74 -0.1584040662407971
10188 203.76 -0.159399672534202
10189 203.78 -0.1603117761343836
10190 203.8 -0.1611404655368745
10191 203.82 -0.1618855662139501
10192 203.84 -0.1625417838987737
10193 203.86 -0.1631089379214621
10194 203.88 -0.1635946849039981
10195 203.9 -0.1639952241513162
10196 203.92 -0.1643119100121753
10197 203.94 -0.1645353879541583
10198 203.96 -0.1646673300337654
10199 203.98 -0.1647083206746184
10200 204 -0.1646509754061775
10201 204.02 -0.1645014726799888
10202 204.04 -0.1642539844537157
10203 204.06 -0.1638790214212643
10204 204.08 -0.1633859483602734
10205 204.1 -0.1628002956135042
10206 204.12 -0.1621373972646772
10207 204.14 -0.1613787622471945
10208 204.16 -0.1605187930446585
10209 204.18 -0.1595762808233223
10210 204.2 -0.1585551519229327
10211 204.22 -0.1574584454185553
10212 204.24 -0.1562886557683137
10213 204.26 -0.1550574149262136
10214 204.28 -0.1537636772951727
10215 204.3 -0.1524036800536659
10216 204.32 -0.1509797914211169
10217 204.34 -0.1495026566459096
10218 204.36 -0.1479771549468653
10219 204.38 -0.1463961612627283
10220 204.4 -0.1447831114015258
10221 204.42 -0.1431530506208358
10222 204.44 -0.1415048068289556
10223 204.46 -0.1398021262435584
10224 204.48 -0.1380500829757335
10225 204.5 -0.1362887543116387
10226 204.52 -0.1345004887551695
10227 204.54 -0.1326943465545558
10228 204.56 -0.1308651154747282
10229 204.58 -0.128997629031239
10230 204.6 -0.1271038218809784
10231 204.62 -0.1251823255488357
10232 204.64 -0.1232413632827357
10233 204.66 -0.1212740173661737
10234 204.68 -0.1192929229826938
10235 204.7 -0.117287499148727
10236 204.72 -0.11525668846041
10237 204.74 -0.1132060562828324
10238 204.76 -0.1111348045570257
10239 204.78 -0.1090419062681816
10240 204.8 -0.1069230384221863
10241 204.82 -0.1047992802708132
10242 204.84 -0.1026585360878042
10243 204.86 -0.1005042013167744
10244 204.88 -0.09832526868293348
10245 204.9 -0.09614013927379797
10246 204.92 -0.09394278743607147
10247 204.94 -0.09173588348696762
10248 204.96 -0.08952354290051683
10249 204.98 -0.08730137861154845
10250 205 -0.08506792243314656
10251 205.02 -0.08280729814388893
10252 205.04 -0.08053123399518118
10253 205.06 -0.07825395649243259
10254 205.08 -0.07595799500936289
10255 205.1 -0.07365369333738719
10256 205.12 -0.07135661961792776
10257 205.14 -0.06906320798348108
10258 205.16 -0.06676867124835192
10259 205.18 -0.06447028451445772
10260 205.2 -0.06216723920606178
10261 205.22 -0.0598734463334218
10262 205.24 -0.0575922477309545
10263 205.26 -0.05532456290866743
10264 205.28 -0.05306552897378528
10265 205.3 -0.05081811066004013
10266 205.32 -0.04858214687179655
10267 205.34 -0.04636026841795717
10268 205.36 -0.04415227730561941
10269 205.38 -0.04195525679413952
10270 205.4 -0.03977875405840245
10271 205.42 -0.03762769997923817
10272 205.44 -0.03548615024992846
10273 205.46 -0.03336029126519535
10274 205.48 -0.03126174499887915
10275 205.5 -0.02918427933736195
10276 205.52 -0.02712502362843696
10277 205.54 -0.02508351987303835
10278 205.56 -0.02305925486854156
10279 205.58 -0.02104924835426155
10280 205.6 -0.01905473285657297
10281 205.62 -0.01707418509938081
10282 205.64 -0.01511036502957309
10283 205.66 -0.01315927997655046
10284 205.68 -0.0112202877325018
10285 205.7 -0.009286156435814432
10286 205.72 -0.007369673225222865
10287 205.74 -0.005465856740161617
10288 205.76 -0.003579310971997308
10289 205.78 -0.001711853693731868
10290 205.8 0.0001513631054818748
10291 205.82 0.002009434342955632
10292 205.84 0.003848026188406049
10293 205.86 0.0056958581882338
10294 205.88 0.00753113221141581
10295 205.9 0.00936445171228288
10296 205.92 0.01118632164133115
10297 205.94 0.01300186393532634
10298 205.96 0.01481406462028616
10299 205.98 0.01661335643791092
10300 206 0.01841058977899278
10301 206.02 0.02021195081850394
10302 206.04 0.02201033183210457
10303 206.06 0.02380656905387287
10304 206.08 0.02561474463866902
10305 206.1 0.0274424157814256
10306 206.12 0.02928292121132182
10307 206.14 0.03112510281231799
10308 206.16 0.03298750883631896
10309 206.18 0.03486497867736507
10310 206.2 0.03676758529856337
10311 206.22 0.03869136923834988
10312 206.24 0.04065011330077765
10313 206.26 0.04263397109190243
10314 206.28 0.04462568508326329
10315 206.3 0.04659743313733998
10316 206.32 0.04856122776744519
10317 206.34 0.0506102812311484
10318 206.36 0.05272591951017804
10319 206.38 0.05484712222342927
10320 206.4 0.05698710232353253
10321 206.42 0.05914869673305359
10322 206.44 0.06131453208337242
10323 206.46 0.06352164805171973
10324 206.48 0.06574538369473779
10325 206.5 0.06798690844354441
10326 206.52 0.0702430556132948
10327 206.54 0.07251252184642434
10328 206.56 0.07480221310325652
10329 206.58 0.07711007326543272
10330 206.6 0.07943929549864662
10331 206.62 0.08178240602060011
10332 206.64 0.08414327866125182
10333 206.66 0.08652581817474252
10334 206.68 0.08892045246870896
10335 206.7 0.09132914748334246
10336 206.72 0.09374469748802797
10337 206.74 0.09617135477153119
10338 206.76 0.09862259416084533
10339 206.78 0.1010841155011777
10340 206.8 0.1035464809312508
10341 206.82 0.1060076766085389
10342 206.84 0.1084585486893364
10343 206.86 0.1108990831927501
10344 206.88 0.1133154484704077
10345 206.9 0.1157068280438429
10346 206.92 0.1180746339762104
10347 206.94 0.1204093461894304
10348 206.96 0.1227157494726916
10349 206.98 0.1249899967004195
10350 207 0.1272374802124824
10351 207.02 0.1294477817963309
10352 207.04 0.1316179520231431
10353 207.06 0.1337454084429885
10354 207.08 0.1358278472672654
10355 207.1 0.1378649655786127
10356 207.12 0.1398541771270246
10357 207.14 0.1417798257459598
10358 207.16 0.1436509471167761
10359 207.18 0.1454568567403353
10360 207.2 0.1471900550060158
10361 207.22 0.1488564858120437
10362 207.24 0.1504636967948074
10363 207.26 0.1519902384544904
10364 207.28 0.1534366040022142
10365 207.3 0.1547985630134001
10366 207.32 0.1560770034271923
10367 207.34 0.1572690163872466
10368 207.36 0.1583783309839104
10369 207.38 0.1594116345177727
10370 207.4 0.160361159052062
10371 207.42 0.1612273003816588
10372 207.44 0.1620063213157711
10373 207.46 0.1626979592318414
10374 207.48 0.1633105359363854
10375 207.5 0.1638288840416903
10376 207.52 0.1642602667653805
10377 207.54 0.1646035037635863
10378 207.56 0.1648571430772434
10379 207.58 0.165021315390962
10380 207.6 0.1650978600958658
10381 207.62 0.1650809430063409
10382 207.64 0.1649697133857571
10383 207.66 0.1647694717851559
10384 207.68 0.1644716505592516
10385 207.7 0.1640328432025698
10386 207.72 0.163485677724605
10387 207.74 0.1628470195317716
10388 207.76 0.1621290791138417
10389 207.78 0.1613262915778088
10390 207.8 0.1604239211780401
10391 207.82 0.1594373497515844
10392 207.84 0.1583752010576903
10393 207.86 0.1572342095363348
10394 207.88 0.1560175773156206
10395 207.9 0.1547483193542087
10396 207.92 0.1534186790416761
10397 207.94 0.1520216797956013
10398 207.96 0.1505617151951234
10399 207.98 0.1490530065981435
10400 208 0.1474951512114562
10401 208.02 0.1458879802954777
10402 208.04 0.1442430428367632
10403 208.06 0.1425851767682367
10404 208.08 0.1409127139007686
10405 208.1 0.1392114153264744
10406 208.12 0.137440967717364
10407 208.14 0.1356556496660434
10408 208.16 0.133852971078287
10409 208.18 0.1320327189606631
10410 208.2 0.1301893003133847
10411 208.22 0.1283144963180398
10412 208.24 0.1264113306258314
10413 208.26 0.1244845384925128
10414 208.28 0.1225319398998296
10415 208.3 0.1205613801813085
10416 208.32 0.1185757524346662
10417 208.34 0.1165752818931336
10418 208.36 0.1145491697089216
10419 208.38 0.1125022873661546
10420 208.4 0.1104354049122846
10421 208.42 0.1083458807676814
10422 208.44 0.1062381528907665
10423 208.46 0.104118520809059
10424 208.48 0.1019885633414996
10425 208.5 0.09984106875030016
10426 208.52 0.09768195671603713
10427 208.54 0.09550549721294493
10428 208.56 0.0933266438061706
10429 208.58 0.09113999134680145
10430 208.6 0.08894206644895322
10431 208.62 0.08673874531803778
10432 208.64 0.08452610320559785
10433 208.66 0.08230336458543139
10434 208.68 0.08006738820376334
10435 208.7 0.07780094371031464
10436 208.72 0.07554506278340437
10437 208.74 0.07327253813990367
10438 208.76 0.07099097783695876
10439 208.78 0.06871537751097319
10440 208.8 0.06644153535090479
10441 208.82 0.06416784891184135
10442 208.84 0.06189420354727663
10443 208.86 0.05962633601964462
10444 208.88 0.0573696065159451
10445 208.9 0.05512008789326731
10446 208.92 0.05288469957254699
10447 208.94 0.05066833426437879
10448 208.96 0.04846476483663244
10449 208.98 0.04627414737211757
10450 209 0.04409632848936998
10451 209.02 0.04193295161242562
10452 209.04 0.03978563304145916
10453 209.06 0.03764642357007767
10454 209.08 0.03551787258535291
10455 209.1 0.03341679691270946
10456 209.12 0.03134592039514118
10457 209.14 0.02929254650123021
10458 209.16 0.02725481516950016
10459 209.18 0.02523436155823931
10460 209.2 0.02322837621424719
10461 209.22 0.02123488658225754
10462 209.24 0.01925535610253953
10463 209.26 0.01729337234407276
10464 209.28 0.01534468579668523
10465 209.3 0.01341197533226589
10466 209.32 0.01148539823362382
10467 209.34 0.00957139979328827
10468 209.36 0.007670188458035134
10469 209.38 0.005782237179090227
10470 209.4 0.003918502010467716
10471 209.42 0.002059137610075216
10472 209.44 0.000206799561797537
10473 209.46 -0.001633327688146361
10474 209.48 -0.003475857436335994
10475 209.5 -0.005310313455952356
10476 209.52 -0.007136462112796141
10477 209.54 -0.008956445666494915
10478 209.56 -0.01076934533680178
10479 209.58 -0.0125778527465948
10480 209.6 -0.01436948118512498
10481 209.62 -0.01615448498804724
10482 209.64 -0.01794173363678753
10483 209.66 -0.01972914000378151
10484 209.68 -0.02150315950920328
10485 209.7 -0.02328112951546078
10486 209.72 -0.02507824824198962
10487 209.74 -0.02689404727572836
10488 209.76 -0.02871681346893519
10489 209.78 -0.03054747823947492
10490 209.8 -0.03239770042908847
10491 209.82 -0.03426261474147056
10492 209.84 -0.03614184397756589
10493 209.86 -0.03804571794478316
10494 209.88 -0.03997815276391468
10495 209.9 -0.04193067680953989
10496 209.92 -0.04387160977359413
10497 209.94 -0.04579761575936753
10498 209.96 -0.04775845013442313
10499 209.98 -0.04983315483025706
10500 210 -0.05190938094006793
10501 210.02 -0.05399859609613505
10502 210.04 -0.05610466029278093
10503 210.06 -0.05822500947583395
10504 210.08 -0.06035958398936458
10505 210.1 -0.06253023786576468
10506 210.12 -0.0647156111564775
10507 210.14 -0.06691588955306732
10508 210.16 -0.06912944494878277
10509 210.18 -0.07135957734203295
10510 210.2 -0.07360585933177874
10511 210.22 -0.07587165013548926
10512 210.24 -0.078151313232215
10513 210.26 -0.08045801342359149
10514 210.28 -0.08278672791963804
10515 210.3 -0.08513461291913092
10516 210.32 -0.08749023452513933
10517 210.34 -0.08985546647325542
10518 210.36 -0.09222789134826694
10519 210.38 -0.09462490366649985
10520 210.4 -0.09704315824150545
10521 210.42 -0.09947141844937821
10522 210.44 -0.1019001077257362
10523 210.46 -0.1043216002392882
10524 210.48 -0.1067341778490117
