"report-def-ulateral"
"Time Step" "flow-time etc.."
("Time Step" "flow-time" "report-def-ulateral")
10161 203.22 1.008606525842769
10162 203.24 1.008162092297378
10163 203.26 1.007788107818299
10164 203.28 1.007457191597948
10165 203.3 1.007119558123697
10166 203.32 1.006827252007747
10167 203.34 1.00654141961854
10168 203.36 1.006239048775208
10169 203.38 1.005964624440569
10170 203.4 1.005701957185884
10171 203.42 1.00542220107563
10172 203.44 1.005151575525127
10173 203.46 1.004913948898758
10174 203.48 1.004662860483727
10175 203.5 1.004403484844057
10176 203.52 1.004188149405979
10177 203.54 1.003974693690699
10178 203.56 1.003748603229706
10179 203.58 1.003554873949773
10180 203.6 1.003394452908476
10181 203.62 1.003225332449032
10182 203.64 1.003064533326159
10183 203.66 1.002955957656126
10184 203.68 1.002838563014897
10185 203.7 1.002706860815918
10186 203.72 1.002620028037994
10187 203.74 1.002534080598962
10188 203.76 1.002424219973016
10189 203.78 1.002336213091048
10190 203.8 1.002274845477543
10191 203.82 1.002189625160565
10192 203.84 1.002100468887561
10193 203.86 1.002063033175077
10194 203.88 1.002007540252587
10195 203.9 1.001932797181157
10196 203.92 1.001911323858549
10197 203.94 1.00189177816936
10198 203.96 1.001849965635158
10199 203.98 1.001832651786786
10200 204 1.001850024428229
10201 204.02 1.001844965427126
10202 204.04 1.001827751181662
10203 204.06 1.001875135553772
10204 204.08 1.001911145986188
10205 204.1 1.00192590584717
10206 204.12 1.00198073497573
10207 204.14 1.002059807394542
10208 204.16 1.002117406372961
10209 204.18 1.002161329447054
10210 204.2 1.002273663583675
10211 204.22 1.002377333400392
10212 204.24 1.002460475692274
10213 204.26 1.00257650369089
10214 204.28 1.002727940769697
10215 204.3 1.002860172348682
10216 204.32 1.002972543836425
10217 204.34 1.003110922993358
10218 204.36 1.003298123277313
10219 204.38 1.003467898455688
10220 204.4 1.003628987672525
10221 204.42 1.003848225624334
10222 204.44 1.00407157020564
10223 204.46 1.004278477191794
10224 204.48 1.00446965913604
10225 204.5 1.004650953109473
10226 204.52 1.004857506213775
10227 204.54 1.005102999210583
10228 204.56 1.005347918270291
10229 204.58 1.005591831462375
10230 204.6 1.005845909944421
10231 204.62 1.006115305502443
10232 204.64 1.006390736772503
10233 204.66 1.006663606710444
10234 204.68 1.006931323329436
10235 204.7 1.007194862517623
10236 204.72 1.007457757534379
10237 204.74 1.007726506563847
10238 204.76 1.008007529402255
10239 204.78 1.008302811287392
10240 204.8 1.008609772482712
10241 204.82 1.00892534945111
10242 204.84 1.00924589760059
10243 204.86 1.009570465600941
10244 204.88 1.009898417166508
10245 204.9 1.010229357477971
10246 204.92 1.010562860747571
10247 204.94 1.010898863650016
10248 204.96 1.011237732232974
10249 204.98 1.011580291482346
10250 205 1.011927661343619
10251 205.02 1.012280246506098
10252 205.04 1.012637839287745
10253 205.06 1.012999929149436
10254 205.08 1.013365752824089
10255 205.1 1.013734122014501
10256 205.12 1.014104145728241
10257 205.14 1.014475227644527
10258 205.16 1.014846490430948
10259 205.18 1.015216571645452
10260 205.2 1.015583674162812
10261 205.22 1.015945834903402
10262 205.24 1.016301554521901
10263 205.26 1.016649560189397
10264 205.28 1.016988777284241
10265 205.3 1.017318270436862
10266 205.32 1.017637160227572
10267 205.34 1.017944990113837
10268 205.36 1.018241374276183
10269 205.38 1.018525899957007
10270 205.4 1.018798294611186
10271 205.42 1.019058559264058
10272 205.44 1.019306648389724
10273 205.46 1.019542316714398
10274 205.48 1.019765782578805
10275 205.5 1.019977455441791
10276 205.52 1.020178194285203
10277 205.54 1.020368525576494
10278 205.56 1.020549315452314
10279 205.58 1.020721097316161
10280 205.6 1.020883274078344
10281 205.62 1.021036439038478
10282 205.64 1.021181282271334
10283 205.66 1.021318009795114
10284 205.68 1.021444512833732
10285 205.7 1.021558375860027
10286 205.72 1.021658733474094
10287 205.74 1.021744612304163
10288 205.76 1.021815210612105
10289 205.78 1.021870108110823
10290 205.8 1.021908908206044
10291 205.82 1.021930995455392
10292 205.84 1.021936333194195
10293 205.86 1.02192469785421
10294 205.88 1.021896433654126
10295 205.9 1.021852023651925
10296 205.92 1.021792163514071
10297 205.94 1.021717967720983
10298 205.96 1.02163126822688
10299 205.98 1.021534227547785
10300 206 1.021429815281796
10301 206.02 1.021322775705911
10302 206.04 1.021219165224855
10303 206.06 1.021121864580494
10304 206.08 1.021027125436754
10305 206.1 1.020928591240512
10306 206.12 1.020821088884214
10307 206.14 1.020701749972536
10308 206.16 1.020569007590519
10309 206.18 1.020422098053402
10310 206.2 1.02025957097578
10311 206.22 1.020079609424386
10312 206.24 1.019883940003125
10313 206.26 1.019672882480892
10314 206.28 1.019445949826534
10315 206.3 1.019201139326867
10316 206.32 1.018936592254447
10317 206.34 1.018652463910124
10318 206.36 1.018349960736684
10319 206.38 1.018029707758737
10320 206.4 1.017692738560851
10321 206.42 1.017340527642395
10322 206.44 1.016975319995766
10323 206.46 1.016602691133505
10324 206.48 1.016233729753476
10325 206.5 1.015883384432994
10326 206.52 1.015550999002776
10327 206.54 1.015220631336341
10328 206.56 1.014881444807417
10329 206.58 1.014528413468888
10330 206.6 1.014159117921919
10331 206.62 1.01377238835784
10332 206.64 1.0133677650969
10333 206.66 1.012945433902853
10334 206.68 1.012505596899804
10335 206.7 1.012048442779041
10336 206.72 1.011574296372012
10337 206.74 1.011083168923378
10338 206.76 1.010575610579781
10339 206.78 1.010053003139981
10340 206.8 1.009518007083174
10341 206.82 1.008976897099971
10342 206.84 1.008444646309897
10343 206.86 1.007945026920589
10344 206.88 1.007516919520572
10345 206.9 1.007187516559563
10346 206.92 1.006871161936966
10347 206.94 1.006581725638343
10348 206.96 1.006325956386541
10349 206.98 1.00605225463995
10350 207 1.005789695157401
10351 207.02 1.005556589977774
10352 207.04 1.005306295580473
10353 207.06 1.005049390937287
10354 207.08 1.004831266203163
10355 207.1 1.004607539540568
10356 207.12 1.004367909785221
10357 207.14 1.004157113528664
10358 207.16 1.003964959696409
10359 207.18 1.003757917756658
10360 207.2 1.003558007223183
10361 207.22 1.003405055192301
10362 207.24 1.003247197294952
10363 207.26 1.003084461246648
10364 207.28 1.002973050323104
10365 207.3 1.0028726850775
10366 207.32 1.002758314783325
10367 207.34 1.002666645366503
10368 207.36 1.002605144146847
10369 207.38 1.002523065372801
10370 207.4 1.002433878489977
10371 207.42 1.002393810395683
10372 207.44 1.00233678156332
10373 207.46 1.002257657196332
10374 207.48 1.002221871131532
10375 207.5 1.00219188725264
10376 207.52 1.002138196829551
10377 207.54 1.002098777357002
10378 207.56 1.002101162875447
10379 207.58 1.002082914277553
10380 207.6 1.002050300166323
10381 207.62 1.002077227944067
10382 207.64 1.002096154604058
10383 207.66 1.002092659844671
10384 207.68 1.002113766810827
10385 207.7 1.002171007925475
10386 207.72 1.002207043705938
10387 207.74 1.002230935675116
10388 207.76 1.00231871323722
10389 207.78 1.002398453338637
10390 207.8 1.002456743332644
10391 207.82 1.002526075228654
10392 207.84 1.002648780631949
10393 207.86 1.002752612560097
10394 207.88 1.002838244633828
10395 207.9 1.002978126601591
10396 207.92 1.003130317007532
10397 207.94 1.003261974877985
10398 207.96 1.003374448261278
10399 207.98 1.003529204208503
10400 208 1.00371620546203
10401 208.02 1.003885463881928
10402 208.04 1.004049143798065
10403 208.06 1.00427164383535
10404 208.08 1.00449435256628
10405 208.1 1.004700277751769
10406 208.12 1.004890591095922
10407 208.14 1.00507074730099
10408 208.16 1.005270997469112
10409 208.18 1.005512426316946
10410 208.2 1.005755397250776
10411 208.22 1.005995350169168
10412 208.24 1.006242046595015
10413 208.26 1.006503227366984
10414 208.28 1.006772334660483
10415 208.3 1.007040073100534
10416 208.32 1.007303006216464
10417 208.34 1.007560840564691
10418 208.36 1.00781595106154
10419 208.38 1.008072809629601
10420 208.4 1.008337589111627
10421 208.42 1.008614860633102
10422 208.44 1.008904789400114
10423 208.46 1.009204480546243
10424 208.48 1.009511470685274
10425 208.5 1.009823401693657
10426 208.52 1.010138962205104
10427 208.54 1.01045757621135
10428 208.56 1.010779171937473
10429 208.58 1.011103947726934
10430 208.6 1.011432458486022
10431 208.62 1.01176568041326
10432 208.64 1.012104510247966
10433 208.66 1.012449392573153
10434 208.68 1.012799770492555
10435 208.7 1.013153786729974
10436 208.72 1.013510003752536
10437 208.74 1.013867733640228
10438 208.76 1.014227032124781
10439 208.78 1.014588396303972
10440 208.8 1.014951865393634
10441 208.82 1.015316244621538
10442 208.84 1.015679356041491
10443 208.86 1.016038846954859
10444 208.88 1.016392819680594
10445 208.9 1.016739907836853
10446 208.92 1.017079012926263
10447 208.94 1.017409282590591
10448 208.96 1.017730044762011
10449 208.98 1.018040746010623
10450 209 1.018340921961857
10451 209.02 1.018630038382307
10452 209.04 1.018907832632162
10453 209.06 1.019174137241329
10454 209.08 1.019428659112815
10455 209.1 1.019671387671408
10456 209.12 1.019902734735379
10457 209.14 1.020123625300449
10458 209.16 1.020334343883797
10459 209.18 1.02053543115378
10460 209.2 1.020727474772979
10461 209.22 1.020910470522457
10462 209.24 1.021084655086424
10463 209.26 1.021250421445881
10464 209.28 1.02140878230371
10465 209.3 1.021557636520316
10466 209.32 1.021694392900352
10467 209.34 1.021818208507746
10468 209.36 1.02192820855623
10469 209.38 1.022023156935133
10470 209.4 1.022102453986786
10471 209.42 1.022165837382329
10472 209.44 1.022213100897334
10473 209.46 1.02224353554141
10474 209.48 1.022256535933663
10475 209.5 1.022252582839251
10476 209.52 1.022232376396988
10477 209.54 1.022196641796367
10478 209.56 1.022145924434609
10479 209.58 1.02208187314413
10480 209.6 1.022006312472316
10481 209.62 1.021922374794417
10482 209.64 1.021834101454859
10483 209.66 1.021747333472061
10484 209.68 1.021666568526668
10485 209.7 1.021590005728835
10486 209.72 1.021511576746212
10487 209.74 1.021425401430467
10488 209.76 1.02132810260727
10489 209.78 1.021217442478494
10490 209.8 1.021092582312029
10491 209.82 1.020952637797925
10492 209.84 1.020795730300897
10493 209.86 1.020622350939785
10494 209.88 1.020432712662831
10495 209.9 1.020227363762565
10496 209.92 1.020004372470025
10497 209.94 1.019762609647443
10498 209.96 1.019500738457934
10499 209.98 1.019219502557078
10500 210 1.018919801807896
10501 210.02 1.018602549339677
10502 210.04 1.01826887582341
10503 210.06 1.017920625291667
10504 210.08 1.017561585329823
10505 210.1 1.017200257411584
10506 210.12 1.016851585946735
10507 210.14 1.016524505411695
10508 210.16 1.016205820628607
10509 210.18 1.015880458961728
10510 210.2 1.015541812990601
10511 210.22 1.015187412176449
10512 210.24 1.014815999346925
10513 210.26 1.014426379298067
10514 210.28 1.014018448737042
10515 210.3 1.013592378336761
10516 210.32 1.013148429020785
10517 210.34 1.012686806150992
10518 210.36 1.012208020048463
10519 210.38 1.011712169062965
10520 210.4 1.01119975728865
10521 210.42 1.010671692861896
10522 210.44 1.01013046948871
10523 210.46 1.009582028075435
10524 210.48 1.00904113366007
