"report-def-umean"
"Time Step" "flow-time etc.."
("Time Step" "flow-time" "report-def-umean")
10161 203.22 1.056703237247911
10162 203.24 1.055824985647438
10163 203.26 1.054926048516824
10164 203.28 1.054009211932587
10165 203.3 1.053077082424151
10166 203.32 1.052130169108853
10167 203.34 1.051171562577041
10168 203.36 1.050204455771725
10169 203.38 1.049232887252719
10170 203.4 1.048260554835885
10171 203.42 1.047289712384572
10172 203.44 1.046322794395068
10173 203.46 1.045358139205462
10174 203.48 1.044398951875615
10175 203.5 1.04345064253517
10176 203.52 1.04251388157464
10177 203.54 1.04158927858648
10178 203.56 1.040684015543701
10179 203.58 1.039803096234656
10180 203.6 1.038949229023268
10181 203.62 1.038125707516969
10182 203.64 1.037338767551203
10183 203.66 1.036591965957515
10184 203.68 1.035886802885635
10185 203.7 1.035227240093995
10186 203.72 1.034616068393442
10187 203.74 1.034056489130729
10188 203.76 1.033550261388433
10189 203.78 1.033099344712291
10190 203.8 1.032704455739283
10191 203.82 1.032369609737257
10192 203.84 1.032112511029707
10193 203.86 1.031970136888086
10194 203.88 1.031891518263968
10195 203.9 1.031867224596381
10196 203.92 1.031893670378923
10197 203.94 1.031970471551923
10198 203.96 1.032097634014279
10199 203.98 1.032271971711955
10200 204 1.032485537011934
10201 204.02 1.032732619499305
10202 204.04 1.033006672947624
10203 204.06 1.033297343320221
10204 204.08 1.033594564145841
10205 204.1 1.033892295710638
10206 204.12 1.034189667202618
10207 204.14 1.034483075191317
10208 204.16 1.034766829550368
10209 204.18 1.035035673029686
10210 204.2 1.035288804834138
10211 204.22 1.03552732331243
10212 204.24 1.035747006436199
10213 204.26 1.035943564249788
10214 204.28 1.036115398594236
10215 204.3 1.036269038602434
10216 204.32 1.03640557795112
10217 204.34 1.036527399427515
10218 204.36 1.0366411329069
10219 204.38 1.036756393839958
10220 204.4 1.036886720851635
10221 204.42 1.037036226276292
10222 204.44 1.037210571478362
10223 204.46 1.037415576533531
10224 204.48 1.037651509969155
10225 204.5 1.037915020462311
10226 204.52 1.038203282499248
10227 204.54 1.038516095175956
10228 204.56 1.038852554749401
10229 204.58 1.039213591564129
10230 204.6 1.039597222619811
10231 204.62 1.040003983332872
10232 204.64 1.040438428496237
10233 204.66 1.040906949981778
10234 204.68 1.041418711380042
10235 204.7 1.041967620551246
10236 204.72 1.042544156244269
10237 204.74 1.043139202150834
10238 204.76 1.043746230239347
10239 204.78 1.044359087369084
10240 204.8 1.044973830205696
10241 204.82 1.045584001482532
10242 204.84 1.046187615962849
10243 204.86 1.046786301817378
10244 204.88 1.04737716491504
10245 204.9 1.047960492605688
10246 204.92 1.04854045231429
10247 204.94 1.049119953872659
10248 204.96 1.049698386330606
10249 204.98 1.050272860378554
10250 205 1.050840847495794
10251 205.02 1.051403784780062
10252 205.04 1.051960775829895
10253 205.06 1.052513166955183
10254 205.08 1.053063361728251
10255 205.1 1.05360976185953
10256 205.12 1.054153273706238
10257 205.14 1.054692113641774
10258 205.16 1.055224162286206
10259 205.18 1.055749307059265
10260 205.2 1.05627102090089
10261 205.22 1.056792411174662
10262 205.24 1.057313619704026
10263 205.26 1.057831741769012
10264 205.28 1.058343673977785
10265 205.3 1.058849670193337
10266 205.32 1.059352053694892
10267 205.34 1.05985413934781
10268 205.36 1.060356368875481
10269 205.38 1.060855137318267
10270 205.4 1.0613461641677
10271 205.42 1.061830218631215
10272 205.44 1.062311049229348
10273 205.46 1.062787425631323
10274 205.48 1.063253609211841
10275 205.5 1.063707265145176
10276 205.52 1.064148692164772
10277 205.54 1.064583123044345
10278 205.56 1.065012045838056
10279 205.58 1.065435595673971
10280 205.6 1.065851564512047
10281 205.62 1.066258981870117
10282 205.64 1.066660078183035
10283 205.66 1.0670568578166
10284 205.68 1.067446160415867
10285 205.7 1.067822784644859
10286 205.72 1.068184989557188
10287 205.74 1.068530466438802
10288 205.76 1.068859427490582
10289 205.78 1.069173508717
10290 205.8 1.069473696152067
10291 205.82 1.069759319360839
10292 205.84 1.07002865066604
10293 205.86 1.070282342860947
10294 205.88 1.070522230457937
10295 205.9 1.070747493154114
10296 205.92 1.070953523628298
10297 205.94 1.071140108658439
10298 205.96 1.071306691507545
10299 205.98 1.071454154816778
10300 206 1.07158220443133
10301 206.02 1.071691093577245
10302 206.04 1.071779375669725
10303 206.06 1.071845265417336
10304 206.08 1.071888553550558
10305 206.1 1.071910724925869
10306 206.12 1.071912215136248
10307 206.14 1.071886758783414
10308 206.16 1.071832746505414
10309 206.18 1.071750468880373
10310 206.2 1.071642402120263
10311 206.22 1.071510127644284
10312 206.24 1.071354475871331
10313 206.26 1.07117677464835
10314 206.28 1.070976839012074
10315 206.3 1.070753326657498
10316 206.32 1.070506761572579
10317 206.34 1.070239990169775
10318 206.36 1.069954000256541
10319 206.38 1.069647305678066
10320 206.4 1.06932245586959
10321 206.42 1.06898248860349
10322 206.44 1.0686262962355
10323 206.46 1.068255561664538
10324 206.48 1.067872725059674
10325 206.5 1.067478917185272
10326 206.52 1.067072458721255
10327 206.54 1.066651676394851
10328 206.56 1.066215235666442
10329 206.58 1.065763897427755
10330 206.6 1.065294997072415
10331 206.62 1.064805656847446
10332 206.64 1.064295423399684
10333 206.66 1.063764491165782
10334 206.68 1.063212550833655
10335 206.7 1.062638078870352
10336 206.72 1.062039883422405
10337 206.74 1.061416932737757
10338 206.76 1.060768060656715
10339 206.78 1.060091707359651
10340 206.8 1.059388027704558
10341 206.82 1.058660454363517
10342 206.84 1.057908034764879
10343 206.86 1.057131359102
10344 206.88 1.056331380142736
10345 206.9 1.055508153902555
10346 206.92 1.05466192779947
10347 206.94 1.053793396574797
10348 206.96 1.052905638589988
10349 206.98 1.052000812321266
10350 207 1.051083308111458
10351 207.02 1.05015482806782
10352 207.04 1.04921295860129
10353 207.06 1.048258443584614
10354 207.08 1.047300286389465
10355 207.1 1.046342942713322
10356 207.12 1.045385745434251
10357 207.14 1.044429620346778
10358 207.16 1.043478126711463
10359 207.18 1.042538321327726
10360 207.2 1.041614505096561
10361 207.22 1.04071260651527
10362 207.24 1.039839269987239
10363 207.26 1.038999725876266
10364 207.28 1.038198257771715
10365 207.3 1.037436553111972
10366 207.32 1.036718753084001
10367 207.34 1.036046733408942
10368 207.36 1.035424732850485
10369 207.38 1.034855589514149
10370 207.4 1.034352245083961
10371 207.42 1.033956699916541
10372 207.44 1.033622133722756
10373 207.46 1.033344301388157
10374 207.48 1.033124882036058
10375 207.5 1.032965422959562
10376 207.52 1.032867495637379
10377 207.54 1.032832886502717
10378 207.56 1.032855710579696
10379 207.58 1.032926725485848
10380 207.6 1.033039381909098
10381 207.62 1.033189862242716
10382 207.64 1.033370167589668
10383 207.66 1.03357494660798
10384 207.68 1.033797191360458
10385 207.7 1.034029947266741
10386 207.72 1.034262066159225
10387 207.74 1.034485244513014
10388 207.76 1.034696047662805
10389 207.78 1.034895592874377
10390 207.8 1.035080659957396
10391 207.82 1.035246517523988
10392 207.84 1.035390317236364
10393 207.86 1.035515520803272
10394 207.88 1.035625093970733
10395 207.9 1.035724128840302
10396 207.92 1.035821334153919
10397 207.94 1.035921640537992
10398 207.96 1.036026600612513
10399 207.98 1.036133022510476
10400 208 1.036243005215221
10401 208.02 1.036365189970299
10402 208.04 1.036504591934742
10403 208.06 1.036663679818286
10404 208.08 1.036845038627147
10405 208.1 1.037054430769514
10406 208.12 1.037296369769335
10407 208.14 1.037576660752742
10408 208.16 1.03790201894086
10409 208.18 1.038277897145122
10410 208.2 1.038703564372954
10411 208.22 1.039177311022744
10412 208.24 1.039702698977261
10413 208.26 1.040271939592261
10414 208.28 1.040870573659884
10415 208.3 1.041486529545678
10416 208.32 1.042112615654095
10417 208.34 1.042742412782129
10418 208.36 1.043373828241174
10419 208.38 1.044008833529306
10420 208.4 1.044649164730351
10421 208.42 1.045293724936233
10422 208.44 1.04593966123141
10423 208.46 1.046585805761895
10424 208.48 1.047231295488047
10425 208.5 1.047876853379766
10426 208.52 1.048519814020781
10427 208.54 1.049156859853942
10428 208.56 1.049784785438487
10429 208.58 1.050400751756052
10430 208.6 1.051003494843262
10431 208.62 1.051596686586298
10432 208.64 1.052185375181704
10433 208.66 1.052769790126916
10434 208.68 1.053347479317351
10435 208.7 1.053917186042825
10436 208.72 1.05448004129955
10437 208.74 1.055035213573618
10438 208.76 1.055581182263227
10439 208.78 1.056117877906166
10440 208.8 1.056644342946593
10441 208.82 1.057162143856009
10442 208.84 1.057673422959084
10443 208.86 1.058178764816259
10444 208.88 1.058675412635417
10445 208.9 1.059166159255193
10446 208.92 1.05965500015144
10447 208.94 1.060138243910459
10448 208.96 1.060615173623704
10449 208.98 1.061086575239122
10450 209 1.061552994751375
10451 209.02 1.062015387354569
10452 209.04 1.062471603409645
10453 209.06 1.062920093184419
10454 209.08 1.063360927007486
10455 209.1 1.063792718520617
10456 209.12 1.064216326162863
10457 209.14 1.064634574018086
10458 209.16 1.065045572446833
10459 209.18 1.06544857341637
10460 209.2 1.065844115545185
10461 209.22 1.066231149420731
10462 209.24 1.066606665198262
10463 209.26 1.066970968879324
10464 209.28 1.067323096164779
10465 209.3 1.067661608751003
10466 209.32 1.067987391054518
10467 209.34 1.068304287011651
10468 209.36 1.068609017626267
10469 209.38 1.06889766235463
10470 209.4 1.069170752573113
10471 209.42 1.069430414590898
10472 209.44 1.069675849392467
10473 209.46 1.069902332669874
10474 209.48 1.070108860261353
10475 209.5 1.070297002425415
10476 209.52 1.070468029683322
10477 209.54 1.070621174177866
10478 209.56 1.070759675342613
10479 209.58 1.07088429158589
10480 209.6 1.070993772149189
10481 209.62 1.07108566949564
10482 209.64 1.071159782629523
10483 209.66 1.071214164398433
10484 209.68 1.071247787421897
10485 209.7 1.071261389536964
10486 209.72 1.071254164048702
10487 209.74 1.071224468360795
10488 209.76 1.07117085136047
10489 209.78 1.071092249864579
10490 209.8 1.070987536787478
10491 209.82 1.070858445714638
10492 209.84 1.070705681106819
10493 209.86 1.07052788677862
10494 209.88 1.070325402412362
10495 209.9 1.070100488851235
10496 209.92 1.069856324652573
10497 209.94 1.069591677990041
10498 209.96 1.069305804088275
10499 209.98 1.068998061440523
10500 210 1.068671082050534
10501 210.02 1.068324527477824
10502 210.04 1.067958454995137
10503 210.06 1.067572457187694
10504 210.08 1.067167445307217
10505 210.1 1.066743020723239
10506 210.12 1.066298904452684
10507 210.14 1.065834603214002
10508 210.16 1.065350353865889
10509 210.18 1.064846189742445
10510 210.2 1.064322013299604
10511 210.22 1.063777250287228
10512 210.24 1.063211847070151
10513 210.26 1.062625195314439
10514 210.28 1.062014163790656
10515 210.3 1.061378096112106
10516 210.32 1.060717971322727
10517 210.34 1.060034033094274
10518 210.36 1.059323279123174
10519 210.38 1.058585567555266
10520 210.4 1.057824805517311
10521 210.42 1.057041758727065
10522 210.44 1.056235057875417
10523 210.46 1.055404402098458
10524 210.48 1.054552059301394
